<?xml version="1.0" encoding="UTF-8"?>
<TestRun id="655443eb-d988-42fb-a3ce-d32407a1910c" name="davidhxy@HXY 2015-05-19 09:32:06" runUser="HXY\davidhxy" xmlns="http://microsoft.com/schemas/VisualStudio/TeamTest/2010">
  <TestSettings name="本地" id="84273218-83cf-4f67-be75-f294e7d4c6ba">
    <Description>这些设置为本地测试运行的默认测试设置。</Description>
    <Deployment enabled="false" runDeploymentRoot="davidhxy_HXY 2015-05-19 09_32_06">
      <DeploymentItem filename="E:\TCPServer\Lib\Iesi.Collections.dll" />
      <DeploymentItem filename="E:\TCPServer\Lib\nunit.framework.dll" />
      <DeploymentItem filename="E:\TCPServer\EFModel\bin\Debug\EFModel.dll" />
      <DeploymentItem filename="E:\TCPServer\Lib\NHibernate.dll" />
    </Deployment>
    <Execution>
      <TestTypeSpecific />
      <AgentRule name="Execution Agents">
      </AgentRule>
    </Execution>
  </TestSettings>
  <Times creation="2015-05-19T09:32:06.8431816+08:00" queuing="2015-05-19T09:32:09.5243170+08:00" start="2015-05-19T09:32:09.9181525+08:00" finish="2015-05-19T09:32:51.1115689+08:00" />
  <ResultSummary outcome="Error">
    <Counters total="1" error="0" failed="0" timeout="0" aborted="0" inconclusive="0" passedButRunAborted="0" notRunnable="0" notExecuted="1" disconnected="0" warning="0" passed="0" completed="0" inProgress="0" pending="0" />
    <RunInfos>
      <RunInfo computerName="HXY" outcome="Error" timestamp="2015-05-19T09:32:51.1105666+08:00">
        <Text>测试宿主进程意外退出。</Text>
      </RunInfo>
    </RunInfos>
  </ResultSummary>
  <TestDefinitions>
    <UnitTest name="Can_generate_schemaTest" storage="e:\tcpserver\testproject\bin\debug\testproject.dll" id="62e2d3a1-8d55-d904-7bef-e58b371ed087">
      <Execution id="59290245-bec4-4aa3-9a99-d5630a09a0c3" />
      <TestMethod codeBase="E:/TCPServer/TestProject/bin/Debug/TestProject.DLL" adapterTypeName="Microsoft.VisualStudio.TestTools.TestTypes.Unit.UnitTestAdapter, Microsoft.VisualStudio.QualityTools.Tips.UnitTest.Adapter, Version=10.0.0.0, Culture=neutral, PublicKeyToken=b03f5f7f11d50a3a" className="TestProject.GenerateSchema_FixtureTest, TestProject, Version=1.0.0.0, Culture=neutral, PublicKeyToken=null" name="Can_generate_schemaTest" />
    </UnitTest>
  </TestDefinitions>
  <TestLists>
    <TestList name="列表中未列出的结果" id="8c84fa94-04c1-424b-9868-57a2d4851a1d" />
    <TestList name="所有已加载的结果" id="19431567-8539-422a-85d7-44ee4e166bda" />
  </TestLists>
  <TestEntries>
    <TestEntry testId="62e2d3a1-8d55-d904-7bef-e58b371ed087" executionId="59290245-bec4-4aa3-9a99-d5630a09a0c3" testListId="8c84fa94-04c1-424b-9868-57a2d4851a1d" />
  </TestEntries>
  <Results>
    <UnitTestResult executionId="59290245-bec4-4aa3-9a99-d5630a09a0c3" testId="62e2d3a1-8d55-d904-7bef-e58b371ed087" testName="Can_generate_schemaTest" computerName="HXY" testType="13cdc9d9-ddb5-4fa4-a97d-d965ccfc6d4b" outcome="NotExecuted" testListId="8c84fa94-04c1-424b-9868-57a2d4851a1d" relativeResultsDirectory="59290245-bec4-4aa3-9a99-d5630a09a0c3">
    </UnitTestResult>
  </Results>
</TestRun>